334 unresolved companies against 13420 enumerated tokens
31 have at least one candidate
  + Walt Disney: workday (629 open)
  + Coca-Cola: workday (211 open)
  + TD Synnex: workday (752 open)
  + Caterpillar: workday (931 open)
  + Northrop Grumman: workday (3774 open)
  + AECOM: smartrecruiters (5252 open)
  + Booking Holdings: workday (24 open)
  + United Rentals: workday (6 open)
  + Kraft Heinz: workday (909 open)
  + Amentum Holdings: workday (2741 open)
  + Stanley Black & Decker: workday (651 open)
  + Northern Trust: workday (675 open)
  + DoorDash: greenhouse (454 open)
  + Las Vegas Sands: workday (19 open)
  + Tenable: greenhouse (39 open)
  + Optiver: greenhouse (165 open)
  + Oshkosh: workday (562 open)
  + Nasdaq: workday (177 open)

resolved 18 more companies from the Common Crawl index
